WARNING: The specified Android SDK Build Tools version (34.0.0) is ignored, as it is below the minimum supported version (35.0.0) for Android Gradle Plugin 8.13.1.
Android SDK Build Tools 35.0.0 will be used.
To suppress this warning, remove "buildToolsVersion '34.0.0'" from your build.gradle file, as each version of the Android Gradle Plugin now has a default version of the build tools.
> Task :app:preBuild UP-TO-DATE
> Task :app:preReleaseBuild UP-TO-DATE
> Task :app:processReleaseNavigationResources UP-TO-DATE
> Task :app:compileReleaseNavigationResources UP-TO-DATE
> Task :app:generateReleaseResValues UP-TO-DATE
> Task :app:mapReleaseSourceSetPaths UP-TO-DATE
> Task :app:generateReleaseResources UP-TO-DATE
> Task :app:mergeReleaseResources UP-TO-DATE
> Task :app:createReleaseCompatibleScreenManifests
> Task :app:extractDeepLinksRelease UP-TO-DATE
> Task :app:processReleaseMainManifest
> Task :app:processReleaseManifest
> Task :app:processApplicationManifestReleaseForBundle
> Task :app:checkReleaseAarMetadata UP-TO-DATE
> Task :app:packageReleaseResources UP-TO-DATE
> Task :app:parseReleaseLocalResources UP-TO-DATE
> Task :app:extractReleaseVersionControlInfo UP-TO-DATE
> Task :app:checkReleaseDuplicateClasses UP-TO-DATE
> Task :app:buildKotlinToolingMetadata UP-TO-DATE
> Task :app:checkKotlinGradlePluginConfigurationErrors
> Task :app:dataBindingMergeDependencyArtifactsRelease UP-TO-DATE
> Task :app:dataBindingGenBaseClassesRelease UP-TO-DATE
> Task :app:javaPreCompileRelease UP-TO-DATE
> Task :app:desugarReleaseFileDependencies UP-TO-DATE
> Task :app:mergeReleaseStartupProfile UP-TO-DATE
> Task :app:mergeExtDexRelease UP-TO-DATE
> Task :app:mergeReleaseShaders UP-TO-DATE
> Task :app:compileReleaseShaders NO-SOURCE
> Task :app:generateReleaseAssets UP-TO-DATE
> Task :app:mergeReleaseAssets UP-TO-DATE
> Task :app:mergeReleaseJniLibFolders UP-TO-DATE
> Task :app:mergeReleaseNativeLibs NO-SOURCE
> Task :app:stripReleaseDebugSymbols NO-SOURCE
> Task :app:writeReleaseAppMetadata UP-TO-DATE
> Task :app:mergeReleaseArtProfile UP-TO-DATE
> Task :app:collectReleaseDependencies UP-TO-DATE
> Task :app:configureReleaseDependencies UP-TO-DATE
> Task :app:extractReleaseNativeSymbolTables NO-SOURCE
> Task :app:extractProguardFiles UP-TO-DATE
> Task :app:parseReleaseIntegrityConfig UP-TO-DATE
> Task :app:validateSigningRelease UP-TO-DATE
> Task :app:processReleaseManifestForPackage
> Task :app:processReleaseResources
> Task :app:bundleReleaseResources

> Task :app:compileReleaseKotlin FAILED
.\gradlew.bat : e: file:///C:/Users/athul/PROJECTS/Repeat
%20Reminder/app/src/main/java/com/timeground/repeatremind
er/AlarmReceiver.kt:17:1 Expecting a top level 
declaration
At line:1 char:1
+ .\gradlew.bat bundleRelease > build_error.log 2>&1
+ ~~~~~~~~~~~~~~~~~~~~~~~~~~~~~~~~~~~~~~~~~~~~~~~~~~
    + CategoryInfo          : NotSpecified: (e: 
file:///C:    /U...vel declaration:String) [], 
RemoteException
    + FullyQualifiedErrorId : NativeCommandError
 
e: file:///C:/Users/athul/PROJECTS/Repeat%20Reminder/app/
src/main/java/com/timeground/repeatreminder/AlarmReceiver
.kt:17:9 Expecting a top level declaration
e: file:///C:/Users/athul/PROJECTS/Repeat%20Reminder/app/
src/main/java/com/timeground/repeatreminder/AlarmReceiver
.kt:17:12 Expecting a top level declaration
e: file:///C:/Users/athul/PROJECTS/Repeat%20Reminder/app/
src/main/java/com/timeground/repeatreminder/AlarmReceiver
.kt:17:13 Expecting a top level declaration
e: file:///C:/Users/athul/PROJECTS/Repeat%20Reminder/app/
src/main/java/com/timeground/repeatreminder/AlarmReceiver
.kt:17:23 Expecting a top level declaration
e: file:///C:/Users/athul/PROJECTS/Repeat%20Reminder/app/
src/main/java/com/timeground/repeatreminder/AlarmReceiver
.kt:17:24 Expecting a top level declaration
e: file:///C:/Users/athul/PROJECTS/Repeat%20Reminder/app/
src/main/java/com/timeground/repeatreminder/AlarmReceiver
.kt:17:38 imports are only allowed in the beginning of 
file
e: file:///C:/Users/athul/PROJECTS/Repeat%20Reminder/app/
src/main/java/com/timeground/repeatreminder/AlarmReceiver
.kt:3:20 Conflicting import, imported name 
'AlarmManager' is ambiguous
e: file:///C:/Users/athul/PROJECTS/Repeat%20Reminder/app/
src/main/java/com/timeground/repeatreminder/AlarmReceiver
.kt:4:20 Conflicting import, imported name 
'PendingIntent' is ambiguous
e: file:///C:/Users/athul/PROJECTS/Repeat%20Reminder/app/
src/main/java/com/timeground/repeatreminder/AlarmReceiver
.kt:5:24 Conflicting import, imported name 
'BroadcastReceiver' is ambiguous
e: file:///C:/Users/athul/PROJECTS/Repeat%20Reminder/app/
src/main/java/com/timeground/repeatreminder/AlarmReceiver
.kt:6:24 Conflicting import, imported name 'Context' is 
ambiguous
e: file:///C:/Users/athul/PROJECTS/Repeat%20Reminder/app/
src/main/java/com/timeground/repeatreminder/AlarmReceiver
.kt:7:24 Conflicting import, imported name 'Intent' is 
ambiguous
e: file:///C:/Users/athul/PROJECTS/Repeat%20Reminder/app/
src/main/java/com/timeground/repeatreminder/AlarmReceiver
.kt:8:22 Conflicting import, imported name 
'AudioAttributes' is ambiguous
e: file:///C:/Users/athul/PROJECTS/Repeat%20Reminder/app/
src/main/java/com/timeground/repeatreminder/AlarmReceiver
.kt:9:22 Conflicting import, imported name 
'RingtoneManager' is ambiguous
e: file:///C:/Users/athul/PROJECTS/Repeat%20Reminder/app/
src/main/java/com/timeground/repeatreminder/AlarmReceiver
.kt:10:20 Conflicting import, imported name 'Uri' is 
ambiguous
e: file:///C:/Users/athul/PROJECTS/Repeat%20Reminder/app/
src/main/java/com/timeground/repeatreminder/AlarmReceiver
.kt:11:19 Conflicting import, imported name 'Build' is 
ambiguous
e: file:///C:/Users/athul/PROJECTS/Repeat%20Reminder/app/
src/main/java/com/timeground/repeatreminder/AlarmReceiver
.kt:12:19 Conflicting import, imported name 
'VibrationEffect' is ambiguous
e: file:///C:/Users/athul/PROJECTS/Repeat%20Reminder/app/
src/main/java/com/timeground/repeatreminder/AlarmReceiver
.kt:13:19 Conflicting import, imported name 'Vibrator' 
is ambiguous
e: file:///C:/Users/athul/PROJECTS/Repeat%20Reminder/app/
src/main/java/com/timeground/repeatreminder/AlarmReceiver
.kt:14:19 Conflicting import, imported name 
'VibratorManager' is ambiguous
e: file:///C:/Users/athul/PROJECTS/Repeat%20Reminder/app/
src/main/java/com/timeground/repeatreminder/AlarmReceiver
.kt:15:21 Conflicting import, imported name 'Log' is 
ambiguous
e: file:///C:/Users/athul/PROJECTS/Repeat%20Reminder/app/
src/main/java/com/timeground/repeatreminder/AlarmReceiver
.kt:19:20 Conflicting import, imported name 
'AlarmManager' is ambiguous
e: file:///C:/Users/athul/PROJECTS/Repeat%20Reminder/app/
src/main/java/com/timeground/repeatreminder/AlarmReceiver
.kt:20:20 Conflicting import, imported name 
'PendingIntent' is ambiguous
e: file:///C:/Users/athul/PROJECTS/Repeat%20Reminder/app/
src/main/java/com/timeground/repeatreminder/AlarmReceiver
.kt:21:24 Conflicting import, imported name 
'BroadcastReceiver' is ambiguous
e: file:///C:/Users/athul/PROJECTS/Repeat%20Reminder/app/
src/main/java/com/timeground/repeatreminder/AlarmReceiver
.kt:22:24 Conflicting import, imported name 'Context' is 
ambiguous
e: file:///C:/Users/athul/PROJECTS/Repeat%20Reminder/app/
src/main/java/com/timeground/repeatreminder/AlarmReceiver
.kt:23:24 Conflicting import, imported name 'Intent' is 
ambiguous
e: file:///C:/Users/athul/PROJECTS/Repeat%20Reminder/app/
src/main/java/com/timeground/repeatreminder/AlarmReceiver
.kt:24:22 Conflicting import, imported name 
'AudioAttributes' is ambiguous
e: file:///C:/Users/athul/PROJECTS/Repeat%20Reminder/app/
src/main/java/com/timeground/repeatreminder/AlarmReceiver
.kt:25:22 Conflicting import, imported name 
'RingtoneManager' is ambiguous
e: file:///C:/Users/athul/PROJECTS/Repeat%20Reminder/app/
src/main/java/com/timeground/repeatreminder/AlarmReceiver
.kt:26:20 Conflicting import, imported name 'Uri' is 
ambiguous
e: file:///C:/Users/athul/PROJECTS/Repeat%20Reminder/app/
src/main/java/com/timeground/repeatreminder/AlarmReceiver
.kt:27:19 Conflicting import, imported name 'Build' is 
ambiguous
e: file:///C:/Users/athul/PROJECTS/Repeat%20Reminder/app/
src/main/java/com/timeground/repeatreminder/AlarmReceiver
.kt:28:19 Conflicting import, imported name 
'VibrationEffect' is ambiguous
e: file:///C:/Users/athul/PROJECTS/Repeat%20Reminder/app/
src/main/java/com/timeground/repeatreminder/AlarmReceiver
.kt:29:19 Conflicting import, imported name 'Vibrator' 
is ambiguous
e: file:///C:/Users/athul/PROJECTS/Repeat%20Reminder/app/
src/main/java/com/timeground/repeatreminder/AlarmReceiver
.kt:30:19 Conflicting import, imported name 
'VibratorManager' is ambiguous
e: file:///C:/Users/athul/PROJECTS/Repeat%20Reminder/app/
src/main/java/com/timeground/repeatreminder/AlarmReceiver
.kt:31:21 Conflicting import, imported name 'Log' is 
ambiguous
e: file:///C:/Users/athul/PROJECTS/Repeat%20Reminder/app/
src/main/java/com/timeground/repeatreminder/MainActivity.
kt:53:13 Unresolved reference: updateClock
e: file:///C:/Users/athul/PROJECTS/Repeat%20Reminder/app/
src/main/java/com/timeground/repeatreminder/MainActivity.
kt:64:17 Unresolved reference: saveRingtone
e: file:///C:/Users/athul/PROJECTS/Repeat%20Reminder/app/
src/main/java/com/timeground/repeatreminder/MainActivity.
kt:67:17 Unresolved reference: saveRingtone
e: file:///C:/Users/athul/PROJECTS/Repeat%20Reminder/app/
src/main/java/com/timeground/repeatreminder/MainActivity.
kt:86:38 Unresolved reference: showTimePickerDialog
e: file:///C:/Users/athul/PROJECTS/Repeat%20Reminder/app/
src/main/java/com/timeground/repeatreminder/MainActivity.
kt:87:43 Unresolved reference: resetToNow
e: file:///C:/Users/athul/PROJECTS/Repeat%20Reminder/app/
src/main/java/com/timeground/repeatreminder/MainActivity.
kt:88:38 Unresolved reference: pickRingtone
e: file:///C:/Users/athul/PROJECTS/Repeat%20Reminder/app/
src/main/java/com/timeground/repeatreminder/MainActivity.
kt:91:13 Unresolved reference: saveVibrationPreference
e: file:///C:/Users/athul/PROJECTS/Repeat%20Reminder/app/
src/main/java/com/timeground/repeatreminder/MainActivity.
kt:98:9 Unresolved reference: updateSoundUI
e: file:///C:/Users/athul/PROJECTS/Repeat%20Reminder/app/
src/main/java/com/timeground/repeatreminder/MainActivity.
kt:99:9 Unresolved reference: loadVibrationPreference

[Incubating] Problems report is available at: file:///C:/Users/athul/PROJECTS/Repeat%20Reminder/build/reports/problems/problems-report.html

FAILURE: Build failed with an exception.

* What went wrong:
Execution failed for task ':app:compileReleaseKotlin'.
> A failure occurred while executing org.jetbrains.kotlin
.compilerRunner.GradleCompilerRunnerWithWorkers$GradleKot
linCompilerWorkAction
   > Compilation error. See log for more details

* Try:
> Run with --stacktrace option to get the stack trace.
> Run with --info or --debug option to get more log 
output.
> Run with --scan to get full insights.
> Get more help at https://help.gradle.org.

BUILD FAILED in 16s

Deprecated Gradle features were used in this build, making it incompatible with Gradle 9.0.

You can use '--warning-mode all' to show the individual deprecation warnings and determine if they come from your own scripts or plugins.

For more on this, please refer to https://docs.gradle.org/8.13/userguide/command_line_interface.html#sec:command_line_warnings in the Gradle documentation.
38 actionable tasks: 9 executed, 29 up-to-date
